// Jest Snapshot v1, https://goo.gl/fbAQLP

exports[`App must snapshot 1`] = `
<body>
  <div>
     
    <h1
      class="svelte-ber1zo"
    >
      Hello 
      world
      !
    </h1>
     
    <div
      class="font-sans text-purple-500"
    >
      Sans
    </div>
     
    <div
      class="font-serif text-purple-500"
    >
      Serif
    </div>
     
    <div
      class="font-mono text-purple-500"
    >
      Mono
    </div>
     
    <div
      class="font-condensed text-purple-500"
    >
      Condensed
    </div>
     
    <i
      class="text-purple-500 material-icons md-48"
    >
      face
    </i>
  </div>
</body>
`;
